// Jest Snapshot v1, https://goo.gl/fbAQLP

exports[`locales locales should not change (without reason) 1`] = `
[
  "en-US",
  "en-UK",
  "en-PS",
]
`;
